  Determining projects to restore...
  All projects are up-to-date for restore.
C:\Program Files\dotnet\sdk\10.0.100-rc.2.25502.107\Sdks\Microsoft.NET.Sdk\targets\Microsoft.NET.RuntimeIdentifierInference.targets(351,5): message NETSDK1057: You are using a preview version of .NET. See: https://aka.ms/dotnet-support-policy [C:\Users\Viktor\OneDrive\Desktop\Integracije Projekat\Tests\SmartBar.E2E.Tests\SmartBar.E2E.Tests.csproj]
  SmartBar.E2E.Tests -> C:\Users\Viktor\OneDrive\Desktop\Integracije Projekat\Tests\SmartBar.E2E.Tests\bin\Release\net10.0\SmartBar.E2E.Tests.dll
Test run for C:\Users\Viktor\OneDrive\Desktop\Integracije Projekat\Tests\SmartBar.E2E.Tests\bin\Release\net10.0\SmartBar.E2E.Tests.dll (.NETCoreApp,Version=v10.0)
VSTest version 18.0.0-preview-25502-107 (x64)

Starting test execution, please wait...
A total of 1 test files matched the specified pattern.
  Failed SmartBar.E2E.Tests.FlowTests.Complete_Order_Preparation_Notification_Flow [4 s]
  Error Message:
   System.Net.Http.HttpRequestException : No connection could be made because the target machine actively refused it. (localhost:7224)
---- System.Net.Sockets.SocketException : No connection could be made because the target machine actively refused it.
  Stack Trace:
     at System.Net.Http.HttpConnectionPool.ConnectToTcpHostAsync(String host, Int32 port, HttpRequestMessage initialRequest, Boolean async, CancellationToken cancellationToken)
   at System.Net.Http.HttpConnectionPool.ConnectAsync(HttpRequestMessage request, Boolean async, CancellationToken cancellationToken)
   at System.Net.Http.HttpConnectionPool.CreateHttp11ConnectionAsync(HttpRequestMessage request, Boolean async, CancellationToken cancellationToken)
   at System.Net.Http.HttpConnectionPool.InjectNewHttp11ConnectionAsync(QueueItem queueItem)
   at System.Threading.Tasks.TaskCompletionSourceWithCancellation`1.WaitWithCancellationAsync(CancellationToken cancellationToken)
   at System.Net.Http.HttpConnectionPool.SendWithVersionDetectionAndRetryAsync(HttpRequestMessage request, Boolean async, Boolean doRequestAuth, CancellationToken cancellationToken)
   at System.Net.Http.RedirectHandler.SendAsync(HttpRequestMessage request, Boolean async, CancellationToken cancellationToken)
   at System.Net.Http.SocketsHttpHandler.<SendAsync>g__CreateHandlerAndSendAsync|115_0(HttpRequestMessage request, CancellationToken cancellationToken)
   at System.Net.Http.HttpClient.<SendAsync>g__Core|83_0(HttpRequestMessage request, HttpCompletionOption completionOption, CancellationTokenSource cts, Boolean disposeCts, CancellationTokenSource pendingRequestsCts, CancellationToken originalCancellationToken)
   at SmartBar.E2E.Tests.FlowTests.Complete_Order_Preparation_Notification_Flow() in C:\Users\Viktor\OneDrive\Desktop\Integracije Projekat\Tests\SmartBar.E2E.Tests\FlowTests.cs:line 43
--- End of stack trace from previous location ---
----- Inner Stack Trace -----
   at System.Net.Sockets.Socket.AwaitableSocketAsyncEventArgs.ThrowException(SocketError error, CancellationToken cancellationToken)
   at System.Net.Sockets.Socket.AwaitableSocketAsyncEventArgs.System.Threading.Tasks.Sources.IValueTaskSource.GetResult(Int16 token)
   at System.Net.Http.HttpConnectionPool.ConnectToTcpHostAsync(String host, Int32 port, HttpRequestMessage initialRequest, Boolean async, CancellationToken cancellationToken)

Failed!  - Failed:     1, Passed:     0, Skipped:     0, Total:     1, Duration: 4 s - SmartBar.E2E.Tests.dll (net10.0)
